[32m2025-08-10 22:41:02 -0400[0m - dagster - [34mDEBUG[0m - __ASSET_JOB - 236c4790-4950-47d2-88cd-b41743e94a29 - 51075 - LOGS_CAPTURED - Started capturing logs in process (pid: 51075).
[32m2025-08-10 22:41:02 -0400[0m - dagster - [34mDEBUG[0m - __ASSET_JOB - 236c4790-4950-47d2-88cd-b41743e94a29 - 51075 - iris_features - STEP_START - Started execution of step "iris_features".
[32m2025-08-10 22:41:02 -0400[0m - dagster - [34mERROR[0m - [31m__ASSET_JOB - 236c4790-4950-47d2-88cd-b41743e94a29 - 51075 - iris_features - STEP_FAILURE - Execution of step "iris_features" failed.

dagster._core.errors.DagsterExecutionStepExecutionError: Error occurred while executing op "iris_features"::

polars.exceptions.ColumnNotFoundError: unable to find column "sepal_length"; valid columns: ["sepallength", "sepalwidth", "petallength", "petalwidth", "species", "petal_sepal_ratio", "petal_sepal_w_ratio"]

Stack Trace:
  File "/Users/harnoorrangi/Documents/Coding/Projects/dagster-etl-project/.venv/lib/python3.10/site-packages/dagster/_core/execution/plan/utils.py", line 57, in op_execution_error_boundary
    yield
  File "/Users/harnoorrangi/Documents/Coding/Projects/dagster-etl-project/.venv/lib/python3.10/site-packages/dagster/_utils/__init__.py", line 392, in iterate_with_context
    next_output = next(iterator)
  File "/Users/harnoorrangi/Documents/Coding/Projects/dagster-etl-project/.venv/lib/python3.10/site-packages/dagster/_core/execution/plan/compute_generator.py", line 137, in _coerce_op_compute_fn_to_iterator
    result = invoke_compute_fn(
  File "/Users/harnoorrangi/Documents/Coding/Projects/dagster-etl-project/.venv/lib/python3.10/site-packages/dagster/_core/execution/plan/compute_generator.py", line 117, in invoke_compute_fn
    return fn(context, **args_to_pass) if context_arg_provided else fn(**args_to_pass)
  File "/Users/harnoorrangi/Documents/Coding/Projects/dagster-etl-project/src/dagster_etl_project/defs/ml_assets.py", line 41, in iris_features
    df = df.with_columns(
  File "/Users/harnoorrangi/Documents/Coding/Projects/dagster-etl-project/.venv/lib/python3.10/site-packages/polars/dataframe/frame.py", line 10020, in with_columns
    self.lazy()
  File "/Users/harnoorrangi/Documents/Coding/Projects/dagster-etl-project/.venv/lib/python3.10/site-packages/polars/_utils/deprecation.py", line 97, in wrapper
    return function(*args, **kwargs)
  File "/Users/harnoorrangi/Documents/Coding/Projects/dagster-etl-project/.venv/lib/python3.10/site-packages/polars/lazyframe/opt_flags.py", line 330, in wrapper
    return function(*args, **kwargs)
  File "/Users/harnoorrangi/Documents/Coding/Projects/dagster-etl-project/.venv/lib/python3.10/site-packages/polars/lazyframe/frame.py", line 2335, in collect
    return wrap_df(ldf.collect(engine, callback))
[0m
