--------------------------------- Extract iris ---------------------------------
Resources: 0/1 (0.0%) | Time: 0.00s | Rate: 0.00/s

--------------------------------- Extract iris ---------------------------------
Resources: 0/1 (0.0%) | Time: 0.16s | Rate: 0.00/s
raw_data: 150  | Time: 0.00s | Rate: 39321600.00/s

--------------------------------- Extract iris ---------------------------------
Resources: 1/1 (100.0%) | Time: 0.17s | Rate: 5.84/s
raw_data: 150  | Time: 0.01s | Rate: 11092.13/s

--------------------- Normalize iris in 1754871325.007581 ----------------------
Files: 0/1 (0.0%) | Time: 0.00s | Rate: 0.00/s

--------------------- Normalize iris in 1754871325.007581 ----------------------
Files: 0/1 (0.0%) | Time: 0.00s | Rate: 0.00/s
Items: 0  | Time: 0.00s | Rate: 0.00/s

--------------------- Normalize iris in 1754871325.007581 ----------------------
Files: 1/1 (100.0%) | Time: 0.01s | Rate: 138.99/s
Items: 150  | Time: 0.01s | Rate: 20970.12/s

------------------------ Load iris in 1754871325.007581 ------------------------
Jobs: 0/1 (0.0%) | Time: 0.00s | Rate: 0.00/s

------------------------ Load iris in 1754871325.007581 ------------------------
Jobs: 1/1 (100.0%) | Time: 0.04s | Rate: 24.67/s

